[2026-08-31T08:40:53.229+0000] {processor.py:161} INFO - Started process (PID=262) to work on /opt/airflow/dags/netflix_dag.py
[2026-08-31T08:40:53.234+0000] {processor.py:830} INFO - Processing file /opt/airflow/dags/netflix_dag.py for tasks to queue
[2026-08-31T08:40:53.275+0000] {logging_mixin.py:188} INFO - [2026-08-31T08:40:53.267+0000] {dagbag.py:545} INFO - Filling up the DagBag from /opt/airflow/dags/netflix_dag.py
[2026-08-31T08:40:53.356+0000] {processor.py:842} WARNING - No viable dags retrieved from /opt/airflow/dags/netflix_dag.py
[2026-08-31T08:40:53.452+0000] {processor.py:183} INFO - Processing /opt/airflow/dags/netflix_dag.py took 0.300 seconds
[2026-08-31T08:41:23.780+0000] {processor.py:161} INFO - Started process (PID=273) to work on /opt/airflow/dags/netflix_dag.py
[2026-08-31T08:41:23.782+0000] {processor.py:830} INFO - Processing file /opt/airflow/dags/netflix_dag.py for tasks to queue
[2026-08-31T08:41:23.785+0000] {logging_mixin.py:188} INFO - [2026-08-31T08:41:23.784+0000] {dagbag.py:545} INFO - Filling up the DagBag from /opt/airflow/dags/netflix_dag.py
[2026-08-31T08:41:23.803+0000] {processor.py:842} WARNING - No viable dags retrieved from /opt/airflow/dags/netflix_dag.py
[2026-08-31T08:41:23.826+0000] {processor.py:183} INFO - Processing /opt/airflow/dags/netflix_dag.py took 0.053 seconds
[2026-08-31T08:41:54.076+0000] {processor.py:161} INFO - Started process (PID=284) to work on /opt/airflow/dags/netflix_dag.py
[2026-08-31T08:41:54.081+0000] {processor.py:830} INFO - Processing file /opt/airflow/dags/netflix_dag.py for tasks to queue
[2026-08-31T08:41:54.089+0000] {logging_mixin.py:188} INFO - [2026-08-31T08:41:54.088+0000] {dagbag.py:545} INFO - Filling up the DagBag from /opt/airflow/dags/netflix_dag.py
[2026-08-31T08:41:54.122+0000] {processor.py:842} WARNING - No viable dags retrieved from /opt/airflow/dags/netflix_dag.py
[2026-08-31T08:41:54.172+0000] {processor.py:183} INFO - Processing /opt/airflow/dags/netflix_dag.py took 0.111 seconds
[2026-08-31T08:42:24.409+0000] {processor.py:161} INFO - Started process (PID=295) to work on /opt/airflow/dags/netflix_dag.py
[2026-08-31T08:42:24.413+0000] {processor.py:830} INFO - Processing file /opt/airflow/dags/netflix_dag.py for tasks to queue
[2026-08-31T08:42:24.416+0000] {logging_mixin.py:188} INFO - [2026-08-31T08:42:24.416+0000] {dagbag.py:545} INFO - Filling up the DagBag from /opt/airflow/dags/netflix_dag.py
[2026-08-31T08:42:24.445+0000] {processor.py:842} WARNING - No viable dags retrieved from /opt/airflow/dags/netflix_dag.py
[2026-08-31T08:42:24.471+0000] {processor.py:183} INFO - Processing /opt/airflow/dags/netflix_dag.py took 0.067 seconds
[2026-08-31T08:42:54.848+0000] {processor.py:161} INFO - Started process (PID=306) to work on /opt/airflow/dags/netflix_dag.py
[2026-08-31T08:42:54.856+0000] {processor.py:830} INFO - Processing file /opt/airflow/dags/netflix_dag.py for tasks to queue
[2026-08-31T08:42:54.862+0000] {logging_mixin.py:188} INFO - [2026-08-31T08:42:54.861+0000] {dagbag.py:545} INFO - Filling up the DagBag from /opt/airflow/dags/netflix_dag.py
[2026-08-31T08:42:54.893+0000] {processor.py:842} WARNING - No viable dags retrieved from /opt/airflow/dags/netflix_dag.py
[2026-08-31T08:42:55.013+0000] {processor.py:183} INFO - Processing /opt/airflow/dags/netflix_dag.py took 0.203 seconds
[2026-08-31T08:43:25.183+0000] {processor.py:161} INFO - Started process (PID=317) to work on /opt/airflow/dags/netflix_dag.py
[2026-08-31T08:43:25.187+0000] {processor.py:830} INFO - Processing file /opt/airflow/dags/netflix_dag.py for tasks to queue
[2026-08-31T08:43:25.193+0000] {logging_mixin.py:188} INFO - [2026-08-31T08:43:25.192+0000] {dagbag.py:545} INFO - Filling up the DagBag from /opt/airflow/dags/netflix_dag.py
[2026-08-31T08:43:25.224+0000] {processor.py:842} WARNING - No viable dags retrieved from /opt/airflow/dags/netflix_dag.py
[2026-08-31T08:43:25.276+0000] {processor.py:183} INFO - Processing /opt/airflow/dags/netflix_dag.py took 0.110 seconds
[2026-08-31T08:43:55.467+0000] {processor.py:161} INFO - Started process (PID=328) to work on /opt/airflow/dags/netflix_dag.py
[2026-08-31T08:43:55.471+0000] {processor.py:830} INFO - Processing file /opt/airflow/dags/netflix_dag.py for tasks to queue
[2026-08-31T08:43:55.479+0000] {logging_mixin.py:188} INFO - [2026-08-31T08:43:55.478+0000] {dagbag.py:545} INFO - Filling up the DagBag from /opt/airflow/dags/netflix_dag.py
[2026-08-31T08:43:55.509+0000] {processor.py:842} WARNING - No viable dags retrieved from /opt/airflow/dags/netflix_dag.py
[2026-08-31T08:43:55.555+0000] {processor.py:183} INFO - Processing /opt/airflow/dags/netflix_dag.py took 0.112 seconds
[2026-08-31T08:44:25.955+0000] {processor.py:161} INFO - Started process (PID=339) to work on /opt/airflow/dags/netflix_dag.py
[2026-08-31T08:44:25.959+0000] {processor.py:830} INFO - Processing file /opt/airflow/dags/netflix_dag.py for tasks to queue
[2026-08-31T08:44:25.971+0000] {logging_mixin.py:188} INFO - [2026-08-31T08:44:25.970+0000] {dagbag.py:545} INFO - Filling up the DagBag from /opt/airflow/dags/netflix_dag.py
[2026-08-31T08:44:26.005+0000] {processor.py:842} WARNING - No viable dags retrieved from /opt/airflow/dags/netflix_dag.py
[2026-08-31T08:44:26.070+0000] {processor.py:183} INFO - Processing /opt/airflow/dags/netflix_dag.py took 0.139 seconds
[2026-08-31T08:44:56.611+0000] {processor.py:161} INFO - Started process (PID=351) to work on /opt/airflow/dags/netflix_dag.py
[2026-08-31T08:44:56.613+0000] {processor.py:830} INFO - Processing file /opt/airflow/dags/netflix_dag.py for tasks to queue
[2026-08-31T08:44:56.624+0000] {logging_mixin.py:188} INFO - [2026-08-31T08:44:56.623+0000] {dagbag.py:545} INFO - Filling up the DagBag from /opt/airflow/dags/netflix_dag.py
[2026-08-31T08:44:56.664+0000] {processor.py:842} WARNING - No viable dags retrieved from /opt/airflow/dags/netflix_dag.py
[2026-08-31T08:44:56.709+0000] {processor.py:183} INFO - Processing /opt/airflow/dags/netflix_dag.py took 0.114 seconds
[2026-08-31T08:45:26.922+0000] {processor.py:161} INFO - Started process (PID=362) to work on /opt/airflow/dags/netflix_dag.py
[2026-08-31T08:45:26.927+0000] {processor.py:830} INFO - Processing file /opt/airflow/dags/netflix_dag.py for tasks to queue
[2026-08-31T08:45:26.932+0000] {logging_mixin.py:188} INFO - [2026-08-31T08:45:26.932+0000] {dagbag.py:545} INFO - Filling up the DagBag from /opt/airflow/dags/netflix_dag.py
[2026-08-31T08:45:26.965+0000] {processor.py:842} WARNING - No viable dags retrieved from /opt/airflow/dags/netflix_dag.py
[2026-08-31T08:45:27.014+0000] {processor.py:183} INFO - Processing /opt/airflow/dags/netflix_dag.py took 0.107 seconds
[2026-08-31T08:45:57.403+0000] {processor.py:161} INFO - Started process (PID=373) to work on /opt/airflow/dags/netflix_dag.py
[2026-08-31T08:45:57.407+0000] {processor.py:830} INFO - Processing file /opt/airflow/dags/netflix_dag.py for tasks to queue
[2026-08-31T08:45:57.412+0000] {logging_mixin.py:188} INFO - [2026-08-31T08:45:57.412+0000] {dagbag.py:545} INFO - Filling up the DagBag from /opt/airflow/dags/netflix_dag.py
[2026-08-31T08:45:57.440+0000] {processor.py:842} WARNING - No viable dags retrieved from /opt/airflow/dags/netflix_dag.py
[2026-08-31T08:45:57.481+0000] {processor.py:183} INFO - Processing /opt/airflow/dags/netflix_dag.py took 0.096 seconds
[2026-08-31T08:46:27.706+0000] {processor.py:161} INFO - Started process (PID=384) to work on /opt/airflow/dags/netflix_dag.py
[2026-08-31T08:46:27.711+0000] {processor.py:830} INFO - Processing file /opt/airflow/dags/netflix_dag.py for tasks to queue
[2026-08-31T08:46:27.719+0000] {logging_mixin.py:188} INFO - [2026-08-31T08:46:27.718+0000] {dagbag.py:545} INFO - Filling up the DagBag from /opt/airflow/dags/netflix_dag.py
[2026-08-31T08:46:27.757+0000] {processor.py:842} WARNING - No viable dags retrieved from /opt/airflow/dags/netflix_dag.py
[2026-08-31T08:46:27.811+0000] {processor.py:183} INFO - Processing /opt/airflow/dags/netflix_dag.py took 0.124 seconds
[2026-08-31T08:46:58.126+0000] {processor.py:161} INFO - Started process (PID=395) to work on /opt/airflow/dags/netflix_dag.py
[2026-08-31T08:46:58.132+0000] {processor.py:830} INFO - Processing file /opt/airflow/dags/netflix_dag.py for tasks to queue
[2026-08-31T08:46:58.143+0000] {logging_mixin.py:188} INFO - [2026-08-31T08:46:58.142+0000] {dagbag.py:545} INFO - Filling up the DagBag from /opt/airflow/dags/netflix_dag.py
[2026-08-31T08:46:58.182+0000] {processor.py:842} WARNING - No viable dags retrieved from /opt/airflow/dags/netflix_dag.py
[2026-08-31T08:46:58.223+0000] {processor.py:183} INFO - Processing /opt/airflow/dags/netflix_dag.py took 0.126 seconds
[2026-08-31T08:47:28.414+0000] {processor.py:161} INFO - Started process (PID=406) to work on /opt/airflow/dags/netflix_dag.py
[2026-08-31T08:47:28.418+0000] {processor.py:830} INFO - Processing file /opt/airflow/dags/netflix_dag.py for tasks to queue
[2026-08-31T08:47:28.426+0000] {logging_mixin.py:188} INFO - [2026-08-31T08:47:28.425+0000] {dagbag.py:545} INFO - Filling up the DagBag from /opt/airflow/dags/netflix_dag.py
[2026-08-31T08:47:28.461+0000] {processor.py:842} WARNING - No viable dags retrieved from /opt/airflow/dags/netflix_dag.py
[2026-08-31T08:47:28.512+0000] {processor.py:183} INFO - Processing /opt/airflow/dags/netflix_dag.py took 0.115 seconds
[2026-08-31T08:47:58.823+0000] {processor.py:161} INFO - Started process (PID=417) to work on /opt/airflow/dags/netflix_dag.py
[2026-08-31T08:47:58.827+0000] {processor.py:830} INFO - Processing file /opt/airflow/dags/netflix_dag.py for tasks to queue
[2026-08-31T08:47:58.833+0000] {logging_mixin.py:188} INFO - [2026-08-31T08:47:58.832+0000] {dagbag.py:545} INFO - Filling up the DagBag from /opt/airflow/dags/netflix_dag.py
[2026-08-31T08:47:58.868+0000] {processor.py:842} WARNING - No viable dags retrieved from /opt/airflow/dags/netflix_dag.py
[2026-08-31T08:47:58.907+0000] {processor.py:183} INFO - Processing /opt/airflow/dags/netflix_dag.py took 0.098 seconds
[2026-08-31T08:48:29.103+0000] {processor.py:161} INFO - Started process (PID=428) to work on /opt/airflow/dags/netflix_dag.py
[2026-08-31T08:48:29.108+0000] {processor.py:830} INFO - Processing file /opt/airflow/dags/netflix_dag.py for tasks to queue
[2026-08-31T08:48:29.114+0000] {logging_mixin.py:188} INFO - [2026-08-31T08:48:29.113+0000] {dagbag.py:545} INFO - Filling up the DagBag from /opt/airflow/dags/netflix_dag.py
[2026-08-31T08:48:29.149+0000] {processor.py:842} WARNING - No viable dags retrieved from /opt/airflow/dags/netflix_dag.py
[2026-08-31T08:48:29.194+0000] {processor.py:183} INFO - Processing /opt/airflow/dags/netflix_dag.py took 0.112 seconds
[2026-08-31T08:48:33.284+0000] {processor.py:161} INFO - Started process (PID=433) to work on /opt/airflow/dags/netflix_dag.py
[2026-08-31T08:48:33.287+0000] {processor.py:830} INFO - Processing file /opt/airflow/dags/netflix_dag.py for tasks to queue
[2026-08-31T08:48:33.292+0000] {logging_mixin.py:188} INFO - [2026-08-31T08:48:33.292+0000] {dagbag.py:545} INFO - Filling up the DagBag from /opt/airflow/dags/netflix_dag.py
[2026-08-31T08:48:33.341+0000] {processor.py:842} WARNING - No viable dags retrieved from /opt/airflow/dags/netflix_dag.py
[2026-08-31T08:48:33.391+0000] {processor.py:183} INFO - Processing /opt/airflow/dags/netflix_dag.py took 0.132 seconds
[2026-08-31T08:49:03.739+0000] {processor.py:161} INFO - Started process (PID=445) to work on /opt/airflow/dags/netflix_dag.py
[2026-08-31T08:49:03.745+0000] {processor.py:830} INFO - Processing file /opt/airflow/dags/netflix_dag.py for tasks to queue
[2026-08-31T08:49:03.762+0000] {logging_mixin.py:188} INFO - [2026-08-31T08:49:03.760+0000] {dagbag.py:545} INFO - Filling up the DagBag from /opt/airflow/dags/netflix_dag.py
[2026-08-31T08:49:03.802+0000] {processor.py:842} WARNING - No viable dags retrieved from /opt/airflow/dags/netflix_dag.py
[2026-08-31T08:49:03.889+0000] {processor.py:183} INFO - Processing /opt/airflow/dags/netflix_dag.py took 0.184 seconds
[2026-08-31T08:49:34.320+0000] {processor.py:161} INFO - Started process (PID=456) to work on /opt/airflow/dags/netflix_dag.py
[2026-08-31T08:49:34.326+0000] {processor.py:830} INFO - Processing file /opt/airflow/dags/netflix_dag.py for tasks to queue
[2026-08-31T08:49:34.334+0000] {logging_mixin.py:188} INFO - [2026-08-31T08:49:34.333+0000] {dagbag.py:545} INFO - Filling up the DagBag from /opt/airflow/dags/netflix_dag.py
[2026-08-31T08:49:34.384+0000] {processor.py:842} WARNING - No viable dags retrieved from /opt/airflow/dags/netflix_dag.py
[2026-08-31T08:49:34.425+0000] {processor.py:183} INFO - Processing /opt/airflow/dags/netflix_dag.py took 0.131 seconds
[2026-08-31T08:50:05.024+0000] {processor.py:161} INFO - Started process (PID=467) to work on /opt/airflow/dags/netflix_dag.py
[2026-08-31T08:50:05.028+0000] {processor.py:830} INFO - Processing file /opt/airflow/dags/netflix_dag.py for tasks to queue
[2026-08-31T08:50:05.035+0000] {logging_mixin.py:188} INFO - [2026-08-31T08:50:05.034+0000] {dagbag.py:545} INFO - Filling up the DagBag from /opt/airflow/dags/netflix_dag.py
[2026-08-31T08:50:05.068+0000] {processor.py:842} WARNING - No viable dags retrieved from /opt/airflow/dags/netflix_dag.py
[2026-08-31T08:50:05.128+0000] {processor.py:183} INFO - Processing /opt/airflow/dags/netflix_dag.py took 0.123 seconds
[2026-08-31T08:50:24.539+0000] {processor.py:161} INFO - Started process (PID=478) to work on /opt/airflow/dags/netflix_dag.py
[2026-08-31T08:50:24.542+0000] {processor.py:830} INFO - Processing file /opt/airflow/dags/netflix_dag.py for tasks to queue
[2026-08-31T08:50:24.549+0000] {logging_mixin.py:188} INFO - [2026-08-31T08:50:24.548+0000] {dagbag.py:545} INFO - Filling up the DagBag from /opt/airflow/dags/netflix_dag.py
[2026-08-31T08:50:25.137+0000] {processor.py:840} INFO - DAG(s) 'netflix_etl_pipeline' retrieved from /opt/airflow/dags/netflix_dag.py
[2026-08-31T08:50:27.848+0000] {logging_mixin.py:188} INFO - [2026-08-31T08:50:27.844+0000] {override.py:1858} INFO - Created Permission View: can read on DAG:netflix_etl_pipeline
[2026-08-31T08:50:27.881+0000] {logging_mixin.py:188} INFO - [2026-08-31T08:50:27.880+0000] {override.py:1858} INFO - Created Permission View: can delete on DAG:netflix_etl_pipeline
[2026-08-31T08:50:27.897+0000] {logging_mixin.py:188} INFO - [2026-08-31T08:50:27.897+0000] {override.py:1858} INFO - Created Permission View: can edit on DAG:netflix_etl_pipeline
[2026-08-31T08:50:27.902+0000] {logging_mixin.py:188} INFO - [2026-08-31T08:50:27.901+0000] {dag.py:3089} INFO - Sync 1 DAGs
[2026-08-31T08:50:28.000+0000] {logging_mixin.py:188} INFO - [2026-08-31T08:50:27.998+0000] {dag.py:3111} INFO - Creating ORM DAG for netflix_etl_pipeline
[2026-08-31T08:50:28.133+0000] {logging_mixin.py:188} INFO - [2026-08-31T08:50:28.132+0000] {dag.py:3947} INFO - Setting next_dagrun for netflix_etl_pipeline to 2026-08-31 00:00:00+00:00, run_after=2026-09-01 00:00:00+00:00
[2026-08-31T08:50:28.272+0000] {processor.py:183} INFO - Processing /opt/airflow/dags/netflix_dag.py took 3.754 seconds
[2026-08-31T08:50:59.401+0000] {processor.py:161} INFO - Started process (PID=489) to work on /opt/airflow/dags/netflix_dag.py
[2026-08-31T08:50:59.405+0000] {processor.py:830} INFO - Processing file /opt/airflow/dags/netflix_dag.py for tasks to queue
[2026-08-31T08:50:59.412+0000] {logging_mixin.py:188} INFO - [2026-08-31T08:50:59.411+0000] {dagbag.py:545} INFO - Filling up the DagBag from /opt/airflow/dags/netflix_dag.py
[2026-08-31T08:50:59.481+0000] {processor.py:840} INFO - DAG(s) 'netflix_etl_pipeline' retrieved from /opt/airflow/dags/netflix_dag.py
[2026-08-31T08:50:59.627+0000] {logging_mixin.py:188} INFO - [2026-08-31T08:50:59.626+0000] {dag.py:3089} INFO - Sync 1 DAGs
[2026-08-31T08:50:59.717+0000] {logging_mixin.py:188} INFO - [2026-08-31T08:50:59.716+0000] {dag.py:3947} INFO - Setting next_dagrun for netflix_etl_pipeline to 2026-08-31 00:00:00+00:00, run_after=2026-09-01 00:00:00+00:00
[2026-08-31T08:50:59.837+0000] {processor.py:183} INFO - Processing /opt/airflow/dags/netflix_dag.py took 0.469 seconds
[2026-08-31T08:51:30.208+0000] {processor.py:161} INFO - Started process (PID=500) to work on /opt/airflow/dags/netflix_dag.py
[2026-08-31T08:51:30.213+0000] {processor.py:830} INFO - Processing file /opt/airflow/dags/netflix_dag.py for tasks to queue
[2026-08-31T08:51:30.219+0000] {logging_mixin.py:188} INFO - [2026-08-31T08:51:30.218+0000] {dagbag.py:545} INFO - Filling up the DagBag from /opt/airflow/dags/netflix_dag.py
[2026-08-31T08:51:30.381+0000] {processor.py:840} INFO - DAG(s) 'netflix_etl_pipeline' retrieved from /opt/airflow/dags/netflix_dag.py
[2026-08-31T08:51:30.487+0000] {logging_mixin.py:188} INFO - [2026-08-31T08:51:30.486+0000] {dag.py:3089} INFO - Sync 1 DAGs
[2026-08-31T08:51:30.567+0000] {logging_mixin.py:188} INFO - [2026-08-31T08:51:30.566+0000] {dag.py:3947} INFO - Setting next_dagrun for netflix_etl_pipeline to 2026-08-31 00:00:00+00:00, run_after=2026-09-01 00:00:00+00:00
[2026-08-31T08:51:30.635+0000] {processor.py:183} INFO - Processing /opt/airflow/dags/netflix_dag.py took 0.444 seconds
[2026-08-31T08:53:52.806+0000] {processor.py:161} INFO - Started process (PID=199) to work on /opt/airflow/dags/netflix_dag.py
[2026-08-31T08:53:52.818+0000] {processor.py:830} INFO - Processing file /opt/airflow/dags/netflix_dag.py for tasks to queue
[2026-08-31T08:53:52.837+0000] {logging_mixin.py:188} INFO - [2026-08-31T08:53:52.833+0000] {dagbag.py:545} INFO - Filling up the DagBag from /opt/airflow/dags/netflix_dag.py
[2026-08-31T08:53:52.928+0000] {processor.py:840} INFO - DAG(s) 'netflix_etl_pipeline' retrieved from /opt/airflow/dags/netflix_dag.py
[2026-08-31T08:53:53.742+0000] {logging_mixin.py:188} INFO - [2026-08-31T08:53:53.741+0000] {dag.py:3089} INFO - Sync 1 DAGs
[2026-08-31T08:53:53.853+0000] {logging_mixin.py:188} INFO - [2026-08-31T08:53:53.852+0000] {dag.py:3947} INFO - Setting next_dagrun for netflix_etl_pipeline to 2026-08-31 00:00:00+00:00, run_after=2026-09-01 00:00:00+00:00
[2026-08-31T08:53:53.955+0000] {processor.py:183} INFO - Processing /opt/airflow/dags/netflix_dag.py took 1.219 seconds
[2026-08-31T08:54:24.434+0000] {processor.py:161} INFO - Started process (PID=211) to work on /opt/airflow/dags/netflix_dag.py
[2026-08-31T08:54:24.452+0000] {processor.py:830} INFO - Processing file /opt/airflow/dags/netflix_dag.py for tasks to queue
[2026-08-31T08:54:24.479+0000] {logging_mixin.py:188} INFO - [2026-08-31T08:54:24.476+0000] {dagbag.py:545} INFO - Filling up the DagBag from /opt/airflow/dags/netflix_dag.py
[2026-08-31T08:54:24.662+0000] {processor.py:840} INFO - DAG(s) 'netflix_etl_pipeline' retrieved from /opt/airflow/dags/netflix_dag.py
[2026-08-31T08:54:24.942+0000] {logging_mixin.py:188} INFO - [2026-08-31T08:54:24.941+0000] {dag.py:3089} INFO - Sync 1 DAGs
[2026-08-31T08:54:25.159+0000] {logging_mixin.py:188} INFO - [2026-08-31T08:54:25.157+0000] {dag.py:3947} INFO - Setting next_dagrun for netflix_etl_pipeline to 2026-08-31 00:00:00+00:00, run_after=2026-09-01 00:00:00+00:00
[2026-08-31T08:54:25.360+0000] {processor.py:183} INFO - Processing /opt/airflow/dags/netflix_dag.py took 1.021 seconds
[2026-08-31T08:54:55.748+0000] {processor.py:161} INFO - Started process (PID=222) to work on /opt/airflow/dags/netflix_dag.py
[2026-08-31T08:54:55.758+0000] {processor.py:830} INFO - Processing file /opt/airflow/dags/netflix_dag.py for tasks to queue
[2026-08-31T08:54:55.776+0000] {logging_mixin.py:188} INFO - [2026-08-31T08:54:55.775+0000] {dagbag.py:545} INFO - Filling up the DagBag from /opt/airflow/dags/netflix_dag.py
[2026-08-31T08:54:55.873+0000] {processor.py:840} INFO - DAG(s) 'netflix_etl_pipeline' retrieved from /opt/airflow/dags/netflix_dag.py
[2026-08-31T08:54:56.028+0000] {logging_mixin.py:188} INFO - [2026-08-31T08:54:56.027+0000] {dag.py:3089} INFO - Sync 1 DAGs
[2026-08-31T08:54:56.199+0000] {logging_mixin.py:188} INFO - [2026-08-31T08:54:56.197+0000] {dag.py:3947} INFO - Setting next_dagrun for netflix_etl_pipeline to 2026-08-31 00:00:00+00:00, run_after=2026-09-01 00:00:00+00:00
[2026-08-31T08:54:56.284+0000] {processor.py:183} INFO - Processing /opt/airflow/dags/netflix_dag.py took 0.590 seconds
[2026-08-31T08:55:26.701+0000] {processor.py:161} INFO - Started process (PID=233) to work on /opt/airflow/dags/netflix_dag.py
[2026-08-31T08:55:26.704+0000] {processor.py:830} INFO - Processing file /opt/airflow/dags/netflix_dag.py for tasks to queue
[2026-08-31T08:55:26.709+0000] {logging_mixin.py:188} INFO - [2026-08-31T08:55:26.708+0000] {dagbag.py:545} INFO - Filling up the DagBag from /opt/airflow/dags/netflix_dag.py
[2026-08-31T08:55:26.765+0000] {processor.py:840} INFO - DAG(s) 'netflix_etl_pipeline' retrieved from /opt/airflow/dags/netflix_dag.py
[2026-08-31T08:55:26.992+0000] {logging_mixin.py:188} INFO - [2026-08-31T08:55:26.992+0000] {dag.py:3089} INFO - Sync 1 DAGs
[2026-08-31T08:55:27.169+0000] {logging_mixin.py:188} INFO - [2026-08-31T08:55:27.169+0000] {dag.py:3947} INFO - Setting next_dagrun for netflix_etl_pipeline to 2026-08-31 00:00:00+00:00, run_after=2026-09-01 00:00:00+00:00
[2026-08-31T08:55:27.258+0000] {processor.py:183} INFO - Processing /opt/airflow/dags/netflix_dag.py took 0.591 seconds
[2026-08-31T08:55:57.650+0000] {processor.py:161} INFO - Started process (PID=244) to work on /opt/airflow/dags/netflix_dag.py
[2026-08-31T08:55:57.653+0000] {processor.py:830} INFO - Processing file /opt/airflow/dags/netflix_dag.py for tasks to queue
[2026-08-31T08:55:57.659+0000] {logging_mixin.py:188} INFO - [2026-08-31T08:55:57.658+0000] {dagbag.py:545} INFO - Filling up the DagBag from /opt/airflow/dags/netflix_dag.py
[2026-08-31T08:55:57.724+0000] {processor.py:840} INFO - DAG(s) 'netflix_etl_pipeline' retrieved from /opt/airflow/dags/netflix_dag.py
[2026-08-31T08:55:58.067+0000] {logging_mixin.py:188} INFO - [2026-08-31T08:55:58.066+0000] {dag.py:3089} INFO - Sync 1 DAGs
[2026-08-31T08:55:58.299+0000] {logging_mixin.py:188} INFO - [2026-08-31T08:55:58.298+0000] {dag.py:3947} INFO - Setting next_dagrun for netflix_etl_pipeline to 2026-08-31 00:00:00+00:00, run_after=2026-09-01 00:00:00+00:00
[2026-08-31T08:55:58.419+0000] {processor.py:183} INFO - Processing /opt/airflow/dags/netflix_dag.py took 0.783 seconds
[2026-08-31T08:56:28.742+0000] {processor.py:161} INFO - Started process (PID=255) to work on /opt/airflow/dags/netflix_dag.py
[2026-08-31T08:56:28.746+0000] {processor.py:830} INFO - Processing file /opt/airflow/dags/netflix_dag.py for tasks to queue
[2026-08-31T08:56:28.752+0000] {logging_mixin.py:188} INFO - [2026-08-31T08:56:28.751+0000] {dagbag.py:545} INFO - Filling up the DagBag from /opt/airflow/dags/netflix_dag.py
[2026-08-31T08:56:28.809+0000] {processor.py:840} INFO - DAG(s) 'netflix_etl_pipeline' retrieved from /opt/airflow/dags/netflix_dag.py
[2026-08-31T08:56:28.906+0000] {logging_mixin.py:188} INFO - [2026-08-31T08:56:28.905+0000] {dag.py:3089} INFO - Sync 1 DAGs
[2026-08-31T08:56:28.977+0000] {logging_mixin.py:188} INFO - [2026-08-31T08:56:28.977+0000] {dag.py:3947} INFO - Setting next_dagrun for netflix_etl_pipeline to 2026-08-31 00:00:00+00:00, run_after=2026-09-01 00:00:00+00:00
[2026-08-31T08:56:29.034+0000] {processor.py:183} INFO - Processing /opt/airflow/dags/netflix_dag.py took 0.311 seconds
[2026-08-31T08:56:59.437+0000] {processor.py:161} INFO - Started process (PID=267) to work on /opt/airflow/dags/netflix_dag.py
[2026-08-31T08:56:59.441+0000] {processor.py:830} INFO - Processing file /opt/airflow/dags/netflix_dag.py for tasks to queue
[2026-08-31T08:56:59.455+0000] {logging_mixin.py:188} INFO - [2026-08-31T08:56:59.453+0000] {dagbag.py:545} INFO - Filling up the DagBag from /opt/airflow/dags/netflix_dag.py
[2026-08-31T08:56:59.549+0000] {processor.py:840} INFO - DAG(s) 'netflix_etl_pipeline' retrieved from /opt/airflow/dags/netflix_dag.py
[2026-08-31T08:56:59.690+0000] {logging_mixin.py:188} INFO - [2026-08-31T08:56:59.690+0000] {dag.py:3089} INFO - Sync 1 DAGs
[2026-08-31T08:56:59.767+0000] {logging_mixin.py:188} INFO - [2026-08-31T08:56:59.766+0000] {dag.py:3947} INFO - Setting next_dagrun for netflix_etl_pipeline to 2026-08-31 00:00:00+00:00, run_after=2026-09-01 00:00:00+00:00
[2026-08-31T08:56:59.838+0000] {processor.py:183} INFO - Processing /opt/airflow/dags/netflix_dag.py took 0.442 seconds
[2026-08-31T08:57:29.999+0000] {processor.py:161} INFO - Started process (PID=278) to work on /opt/airflow/dags/netflix_dag.py
[2026-08-31T08:57:30.002+0000] {processor.py:830} INFO - Processing file /opt/airflow/dags/netflix_dag.py for tasks to queue
[2026-08-31T08:57:30.008+0000] {logging_mixin.py:188} INFO - [2026-08-31T08:57:30.007+0000] {dagbag.py:545} INFO - Filling up the DagBag from /opt/airflow/dags/netflix_dag.py
[2026-08-31T08:57:30.058+0000] {processor.py:840} INFO - DAG(s) 'netflix_etl_pipeline' retrieved from /opt/airflow/dags/netflix_dag.py
[2026-08-31T08:57:30.250+0000] {logging_mixin.py:188} INFO - [2026-08-31T08:57:30.249+0000] {dag.py:3089} INFO - Sync 1 DAGs
[2026-08-31T08:57:30.407+0000] {logging_mixin.py:188} INFO - [2026-08-31T08:57:30.406+0000] {dag.py:3947} INFO - Setting next_dagrun for netflix_etl_pipeline to 2026-08-31 00:00:00+00:00, run_after=2026-09-01 00:00:00+00:00
[2026-08-31T08:57:30.459+0000] {processor.py:183} INFO - Processing /opt/airflow/dags/netflix_dag.py took 0.477 seconds
