[0m08:46:08.591709 [debug] [MainThread]: Sending event: {'category': 'dbt', 'action': 'invocation', 'label': 'start', 'context': [<snowplow_tracker.self_describing_json.SelfDescribingJson object at 0x000001DAAC971E80>, <snowplow_tracker.self_describing_json.SelfDescribingJson object at 0x000001DAAA24CB90>, <snowplow_tracker.self_describing_json.SelfDescribingJson object at 0x000001DAAF29BC50>]}


============================== 08:46:08.599345 | b8d80a80-0176-4182-992f-a201515f90d2 ==============================
[0m08:46:08.599345 [info ] [MainThread]: Running with dbt=1.12.3
[0m08:46:08.600084 [debug] [MainThread]: running dbt with arguments {'version_check': 'True', 'no_print': 'None', 'static_parser': 'True', 'warn_error_options': 'WarnErrorOptionsV2(error=[], warn=[], silence=[])', 'target_path': 'None', 'maximum_seed_size_mib': '1', 'printer_width': '80', 'write_json': 'True', 'empty': 'None', 'log_cache_events': 'False', 'introspect': 'True', 'cache_selected_only': 'False', 'fail_fast': 'False', 'debug': 'False', 'log_format': 'default', 'partial_parse': 'True', 'send_anonymous_usage_stats': 'True', 'quiet': 'False', 'warn_error': 'None', 'profiles_dir': 'C:\\Users\\Lenovo\\.dbt', 'invocation_command': 'dbt init dbt_netflix', 'hints_enabled': 'True', 'indirect_selection': 'eager', 'use_experimental_parser': 'False', 'use_colors': 'True', 'log_path': 'logs'}
[0m08:46:08.627670 [info ] [MainThread]: Creating dbt configuration folder at C:\Users\Lenovo\.dbt
[0m08:46:08.630672 [debug] [MainThread]: Starter project path: C:\Users\Lenovo\AppData\Local\Programs\Python\Python314\Lib\site-packages\dbt\include\starter_project
[0m08:46:08.657472 [info ] [MainThread]: Setting up your profile.
[0m08:47:21.996370 [info ] [MainThread]: Profile dbt_netflix written to C:\Users\Lenovo\.dbt\profiles.yml using target's profile_template.yml and your supplied values.
[0m08:47:22.000404 [info ] [MainThread]: Running dbt debug to validate the project...
[0m08:47:22.001242 [info ] [MainThread]: dbt version: 1.12.3
[0m08:47:22.001712 [info ] [MainThread]: python version: 3.14.5
[0m08:47:22.002219 [info ] [MainThread]: python path: C:\Users\Lenovo\AppData\Local\Programs\Python\Python314\python.exe
[0m08:47:22.002804 [info ] [MainThread]: os info: Windows-10-10.0.19045-SP0
[0m08:47:22.049635 [info ] [MainThread]: Using profiles dir at C:\Users\Lenovo\.dbt
[0m08:47:22.050275 [info ] [MainThread]: Using profiles.yml file at C:\Users\Lenovo\.dbt\profiles.yml
[0m08:47:22.051419 [info ] [MainThread]: Using dbt_project.yml file at C:\Users\Lenovo\desktop\data-engineering-journey\dbt_netflix\dbt_project.yml
[0m08:47:22.055761 [info ] [MainThread]: adapter type: postgres
[0m08:47:22.056288 [info ] [MainThread]: adapter version: 1.11.0
[0m08:47:22.167585 [info ] [MainThread]: Configuration:
[0m08:47:22.168265 [info ] [MainThread]:   profiles.yml file [[32mOK found and valid[0m]
[0m08:47:22.169449 [info ] [MainThread]:   dbt_project.yml file [[32mOK found and valid[0m]
[0m08:47:22.172933 [info ] [MainThread]: Required dependencies:
[0m08:47:22.173596 [debug] [MainThread]: Executing "git --help"
[0m08:47:22.275185 [debug] [MainThread]: STDOUT: "b"usage: git [-v | --version] [-h | --help] [-C <path>] [-c <name>=<value>]\n           [--exec-path[=<path>]] [--html-path] [--man-path] [--info-path]\n           [-p | --paginate | -P | --no-pager] [--no-replace-objects] [--no-lazy-fetch]\n           [--no-optional-locks] [--no-advice] [--bare] [--git-dir=<path>]\n           [--work-tree=<path>] [--namespace=<name>] [--config-env=<name>=<envvar>]\n           <command> [<args>]\n\nThese are common Git commands used in various situations:\n\nstart a working area (see also: git help tutorial)\n   clone      Clone a repository into a new directory\n   init       Create an empty Git repository or reinitialize an existing one\n\nwork on the current change (see also: git help everyday)\n   add        Add file contents to the index\n   mv         Move or rename a file, a directory, or a symlink\n   restore    Restore working tree files\n   rm         Remove files from the working tree and from the index\n\nexamine the history and state (see also: git help revisions)\n   bisect     Use binary search to find the commit that introduced a bug\n   diff       Show changes between commits, commit and working tree, etc\n   grep       Print lines matching a pattern\n   log        Show commit logs\n   show       Show various types of objects\n   status     Show the working tree status\n\ngrow, mark and tweak your common history\n   backfill   Download missing objects in a partial clone\n   branch     List, create, or delete branches\n   commit     Record changes to the repository\n   merge      Join two or more development histories together\n   rebase     Reapply commits on top of another base tip\n   reset      Set `HEAD` or the index to a known state\n   switch     Switch branches\n   tag        Create, list, delete or verify tags\n\ncollaborate (see also: git help workflows)\n   fetch      Download objects and refs from another repository\n   pull       Fetch from and integrate with another repository or a local branch\n   push       Update remote refs along with associated objects\n\n'git help -a' and 'git help -g' list available subcommands and some\nconcept guides. See 'git help <command>' or 'git help <concept>'\nto read about a specific subcommand or concept.\nSee 'git help git' for an overview of the system.\n""
[0m08:47:22.275647 [debug] [MainThread]: STDERR: "b''"
[0m08:47:22.275984 [info ] [MainThread]:  - git [[32mOK found[0m]

[0m08:47:22.276535 [info ] [MainThread]: Connection:
[0m08:47:22.277750 [info ] [MainThread]:   host: localhost
[0m08:47:22.281439 [info ] [MainThread]:   port: 5432
[0m08:47:22.282027 [info ] [MainThread]:   user: postgres
[0m08:47:22.282623 [info ] [MainThread]:   database: netflix_db
[0m08:47:22.283199 [info ] [MainThread]:   schema: public
[0m08:47:22.283785 [info ] [MainThread]:   connect_timeout: 10
[0m08:47:22.284400 [info ] [MainThread]:   role: None
[0m08:47:22.284965 [info ] [MainThread]:   search_path: None
[0m08:47:22.285498 [info ] [MainThread]:   keepalives_idle: 0
[0m08:47:22.286033 [info ] [MainThread]:   sslmode: None
[0m08:47:22.286616 [info ] [MainThread]:   sslcert: None
[0m08:47:22.287276 [info ] [MainThread]:   sslkey: None
[0m08:47:22.287834 [info ] [MainThread]:   sslrootcert: None
[0m08:47:22.288355 [info ] [MainThread]:   application_name: dbt
[0m08:47:22.288890 [info ] [MainThread]:   autocommit: False
[0m08:47:22.289437 [info ] [MainThread]:   retries: 1
[0m08:47:22.290333 [info ] [MainThread]: Registered adapter: postgres=1.11.0
[0m08:47:22.639154 [debug] [MainThread]: Acquiring new postgres connection 'debug'
[0m08:47:26.435254 [debug] [MainThread]: Using postgres connection "debug"
[0m08:47:26.435986 [debug] [MainThread]: On debug: select 1 as id
[0m08:47:26.436574 [debug] [MainThread]: Opening a new connection, currently in state init
[0m08:47:30.529507 [debug] [MainThread]: Postgres adapter: Got a retryable error when attempting to open a postgres connection.
1 attempts remaining. Retrying in 0 seconds.
Error:
connection to server at "localhost" (::1), port 5432 failed: Connection refused (0x0000274D/10061)
	Is the server running on that host and accepting TCP/IP connections?
connection to server at "localhost" (127.0.0.1), port 5432 failed: Connection refused (0x0000274D/10061)
	Is the server running on that host and accepting TCP/IP connections?

[0m08:47:34.612476 [debug] [MainThread]: Postgres adapter: Error running SQL: select 1 as id
[0m08:47:34.612872 [debug] [MainThread]: Postgres adapter: Rolling back transaction.
[0m08:47:34.613197 [debug] [MainThread]: On debug: No close available on handle
[0m08:47:34.613476 [info ] [MainThread]:   Connection test: [[31mERROR[0m]

[0m08:47:34.614012 [info ] [MainThread]: [31m1 check failed:[0m
[0m08:47:34.614535 [info ] [MainThread]: dbt was unable to connect to the specified database.
The database returned the following error:

  >Database Error
  connection to server at "localhost" (::1), port 5432 failed: Connection refused (0x0000274D/10061)
  	Is the server running on that host and accepting TCP/IP connections?
  connection to server at "localhost" (127.0.0.1), port 5432 failed: Connection refused (0x0000274D/10061)
  	Is the server running on that host and accepting TCP/IP connections?
  

Check your database credentials and try again. For more information, visit:
https://docs.getdbt.com/docs/configure-your-profile


[0m08:47:34.615372 [info ] [MainThread]: Your new dbt project "dbt_netflix" was created!
Initialized new project in C:\Users\Lenovo\desktop\data-engineering-journey\dbt_netflix\dbt_netflix

For more information on how to configure the profiles.yml file,
please consult the dbt documentation here:

  https://docs.getdbt.com/docs/configure-your-profile

One more thing:

Need help? Don't hesitate to reach out to us via GitHub issues or on Slack:

  https://community.getdbt.com/

Happy modeling!

[0m08:47:34.616076 [info ] [MainThread]: [31mYour profile may need adjustments. You can find the logs of `dbt debug` above[0m
[0m08:47:34.617365 [debug] [MainThread]: Command `dbt init` succeeded at 08:47:34.617232 after 86.23 seconds
[0m08:47:34.617658 [debug] [MainThread]: Connection 'debug' was properly closed.
[0m08:47:34.617957 [debug] [MainThread]: Sending event: {'category': 'dbt', 'action': 'invocation', 'label': 'end', 'context': [<snowplow_tracker.self_describing_json.SelfDescribingJson object at 0x000001DAAF32F360>, <snowplow_tracker.self_describing_json.SelfDescribingJson object at 0x000001DAAF6BAC30>, <snowplow_tracker.self_describing_json.SelfDescribingJson object at 0x000001DAAF0C2140>]}
[0m08:47:34.618311 [debug] [MainThread]: Flushing usage events
[0m08:47:36.007300 [debug] [MainThread]: An error was encountered while trying to flush usage events
[0m20:27:04.926806 [debug] [MainThread]: Sending event: {'category': 'dbt', 'action': 'invocation', 'label': 'start', 'context': [<snowplow_tracker.self_describing_json.SelfDescribingJson object at 0x000001F13AB41E80>, <snowplow_tracker.self_describing_json.SelfDescribingJson object at 0x000001F13841CB90>, <snowplow_tracker.self_describing_json.SelfDescribingJson object at 0x000001F13D46BC50>]}


============================== 20:27:04.939596 | 85290b0e-cda7-4b33-8b63-12cf288d7144 ==============================
[0m20:27:04.939596 [info ] [MainThread]: Running with dbt=1.12.3
[0m20:27:04.940946 [debug] [MainThread]: running dbt with arguments {'static_parser': 'True', 'no_print': 'None', 'maximum_seed_size_mib': '1', 'warn_error_options': 'WarnErrorOptionsV2(error=[], warn=[], silence=[])', 'target_path': 'None', 'version_check': 'True', 'printer_width': '80', 'write_json': 'True', 'empty': 'None', 'log_cache_events': 'False', 'introspect': 'True', 'cache_selected_only': 'False', 'log_format': 'default', 'debug': 'False', 'fail_fast': 'False', 'partial_parse': 'True', 'send_anonymous_usage_stats': 'True', 'quiet': 'False', 'warn_error': 'None', 'profiles_dir': 'C:\\Users\\Lenovo\\.dbt', 'use_colors': 'True', 'hints_enabled': 'True', 'invocation_command': 'dbt init dbt_duckdb', 'use_experimental_parser': 'False', 'indirect_selection': 'eager', 'log_path': 'logs'}
[0m20:27:05.011963 [debug] [MainThread]: Starter project path: C:\Users\Lenovo\AppData\Local\Programs\Python\Python314\Lib\site-packages\dbt\include\starter_project
[0m20:27:05.064593 [info ] [MainThread]: Setting up your profile.
[0m20:27:14.310774 [info ] [MainThread]: Running dbt debug to validate the project...
[0m20:27:14.312123 [info ] [MainThread]: dbt version: 1.12.3
[0m20:27:14.312941 [info ] [MainThread]: python version: 3.14.5
[0m20:27:14.313769 [info ] [MainThread]: python path: C:\Users\Lenovo\AppData\Local\Programs\Python\Python314\python.exe
[0m20:27:14.314605 [info ] [MainThread]: os info: Windows-10-10.0.19045-SP0
[0m20:27:14.471125 [info ] [MainThread]: Using profiles dir at C:\Users\Lenovo\.dbt
[0m20:27:14.472273 [info ] [MainThread]: Using profiles.yml file at C:\Users\Lenovo\.dbt\profiles.yml
[0m20:27:14.473363 [info ] [MainThread]: Using dbt_project.yml file at C:\Users\Lenovo\desktop\data-engineering-journey\dbt_duckdb\dbt_project.yml
[0m20:27:14.507656 [info ] [MainThread]: adapter type: duckdb
[0m20:27:14.508926 [info ] [MainThread]: adapter version: 1.11.0
[0m20:27:14.767587 [info ] [MainThread]: Configuration:
[0m20:27:14.768700 [info ] [MainThread]:   profiles.yml file [[32mOK found and valid[0m]
[0m20:27:14.769607 [info ] [MainThread]:   dbt_project.yml file [[32mOK found and valid[0m]
[0m20:27:14.770533 [info ] [MainThread]: Required dependencies:
[0m20:27:14.771469 [debug] [MainThread]: Executing "git --help"
[0m20:27:14.871767 [debug] [MainThread]: STDOUT: "b"usage: git [-v | --version] [-h | --help] [-C <path>] [-c <name>=<value>]\n           [--exec-path[=<path>]] [--html-path] [--man-path] [--info-path]\n           [-p | --paginate | -P | --no-pager] [--no-replace-objects] [--no-lazy-fetch]\n           [--no-optional-locks] [--no-advice] [--bare] [--git-dir=<path>]\n           [--work-tree=<path>] [--namespace=<name>] [--config-env=<name>=<envvar>]\n           <command> [<args>]\n\nThese are common Git commands used in various situations:\n\nstart a working area (see also: git help tutorial)\n   clone      Clone a repository into a new directory\n   init       Create an empty Git repository or reinitialize an existing one\n\nwork on the current change (see also: git help everyday)\n   add        Add file contents to the index\n   mv         Move or rename a file, a directory, or a symlink\n   restore    Restore working tree files\n   rm         Remove files from the working tree and from the index\n\nexamine the history and state (see also: git help revisions)\n   bisect     Use binary search to find the commit that introduced a bug\n   diff       Show changes between commits, commit and working tree, etc\n   grep       Print lines matching a pattern\n   log        Show commit logs\n   show       Show various types of objects\n   status     Show the working tree status\n\ngrow, mark and tweak your common history\n   backfill   Download missing objects in a partial clone\n   branch     List, create, or delete branches\n   commit     Record changes to the repository\n   merge      Join two or more development histories together\n   rebase     Reapply commits on top of another base tip\n   reset      Set `HEAD` or the index to a known state\n   switch     Switch branches\n   tag        Create, list, delete or verify tags\n\ncollaborate (see also: git help workflows)\n   fetch      Download objects and refs from another repository\n   pull       Fetch from and integrate with another repository or a local branch\n   push       Update remote refs along with associated objects\n\n'git help -a' and 'git help -g' list available subcommands and some\nconcept guides. See 'git help <command>' or 'git help <concept>'\nto read about a specific subcommand or concept.\nSee 'git help git' for an overview of the system.\n""
[0m20:27:14.872886 [debug] [MainThread]: STDERR: "b''"
[0m20:27:14.873652 [info ] [MainThread]:  - git [[32mOK found[0m]

[0m20:27:14.874878 [info ] [MainThread]: Connection:
[0m20:27:14.877404 [info ] [MainThread]:   database: dev
[0m20:27:14.878615 [info ] [MainThread]:   schema: main
[0m20:27:14.882208 [info ] [MainThread]:   path: dev.duckdb
[0m20:27:14.883359 [info ] [MainThread]:   config_options: None
[0m20:27:14.884449 [info ] [MainThread]:   extensions: None
[0m20:27:14.885600 [info ] [MainThread]:   settings: {}
[0m20:27:14.886622 [info ] [MainThread]:   external_root: .
[0m20:27:14.887765 [info ] [MainThread]:   use_credential_provider: None
[0m20:27:14.888996 [info ] [MainThread]:   attach: None
[0m20:27:14.890418 [info ] [MainThread]:   filesystems: None
[0m20:27:14.891770 [info ] [MainThread]:   remote: None
[0m20:27:14.895429 [info ] [MainThread]:   plugins: None
[0m20:27:14.897768 [info ] [MainThread]:   disable_transactions: False
[0m20:27:14.899271 [info ] [MainThread]: Registered adapter: duckdb=1.11.0
[0m20:27:15.899399 [debug] [MainThread]: Acquiring new duckdb connection 'debug'
[0m20:27:20.541283 [debug] [MainThread]: Using duckdb connection "debug"
[0m20:27:20.542009 [debug] [MainThread]: On debug: select 1 as id
[0m20:27:20.542595 [debug] [MainThread]: Opening a new connection, currently in state init
[0m20:27:20.582983 [debug] [MainThread]: SQL status: OK in 0.040 seconds
[0m20:27:20.584697 [debug] [MainThread]: On debug: Close
[0m20:27:20.585389 [info ] [MainThread]:   Connection test: [[32mOK connection ok[0m]

[0m20:27:20.586313 [info ] [MainThread]: [32mAll checks passed![0m
[0m20:27:20.587268 [info ] [MainThread]: Your new dbt project "dbt_duckdb" was created!
Initialized new project in C:\Users\Lenovo\desktop\data-engineering-journey\dbt_duckdb\dbt_duckdb

For more information on how to configure the profiles.yml file,
please consult the dbt documentation here:

  https://docs.getdbt.com/docs/configure-your-profile

One more thing:

Need help? Don't hesitate to reach out to us via GitHub issues or on Slack:

  https://community.getdbt.com/

Happy modeling!

[0m20:27:20.589857 [debug] [MainThread]: Command `dbt init` succeeded at 20:27:20.589598 after 16.13 seconds
[0m20:27:20.590484 [debug] [MainThread]: Connection 'debug' was properly closed.
[0m20:27:20.591148 [debug] [MainThread]: Sending event: {'category': 'dbt', 'action': 'invocation', 'label': 'end', 'context': [<snowplow_tracker.self_describing_json.SelfDescribingJson object at 0x000001F13D297BB0>, <snowplow_tracker.self_describing_json.SelfDescribingJson object at 0x000001F13D7E7D10>, <snowplow_tracker.self_describing_json.SelfDescribingJson object at 0x000001F13D781BF0>]}
[0m20:27:20.591905 [debug] [MainThread]: Flushing usage events
[0m20:27:23.033709 [debug] [MainThread]: An error was encountered while trying to flush usage events
[0m20:28:22.323207 [debug] [MainThread]: Sending event: {'category': 'dbt', 'action': 'invocation', 'label': 'start', 'context': [<snowplow_tracker.self_describing_json.SelfDescribingJson object at 0x00000235FD471E80>, <snowplow_tracker.self_describing_json.SelfDescribingJson object at 0x00000235FAD4CB90>, <snowplow_tracker.self_describing_json.SelfDescribingJson object at 0x00000235FFD9BC50>]}


============================== 20:28:22.333054 | 8ef0ac80-ad34-4b1a-9ba2-d687490e7306 ==============================
[0m20:28:22.333054 [info ] [MainThread]: Running with dbt=1.12.3
[0m20:28:22.334419 [debug] [MainThread]: running dbt with arguments {'static_parser': 'True', 'no_print': 'None', 'maximum_seed_size_mib': '1', 'target_path': 'None', 'version_check': 'True', 'warn_error_options': 'WarnErrorOptionsV2(error=[], warn=[], silence=[])', 'printer_width': '80', 'write_json': 'True', 'empty': 'None', 'log_cache_events': 'False', 'introspect': 'True', 'cache_selected_only': 'False', 'fail_fast': 'False', 'debug': 'False', 'log_format': 'default', 'profiles_dir': 'C:\\Users\\Lenovo\\.dbt', 'send_anonymous_usage_stats': 'True', 'quiet': 'False', 'warn_error': 'None', 'partial_parse': 'True', 'invocation_command': 'dbt init dbt_duckdb', 'hints_enabled': 'True', 'indirect_selection': 'eager', 'use_experimental_parser': 'False', 'use_colors': 'True', 'log_path': 'logs'}
[0m20:28:22.385568 [info ] [MainThread]: A project called dbt_duckdb already exists here.
[0m20:28:22.387697 [debug] [MainThread]: Command `dbt init` succeeded at 20:28:22.387432 after 0.48 seconds
[0m20:28:22.388405 [debug] [MainThread]: Sending event: {'category': 'dbt', 'action': 'invocation', 'label': 'end', 'context': [<snowplow_tracker.self_describing_json.SelfDescribingJson object at 0x00000235FFBC7BB0>, <snowplow_tracker.self_describing_json.SelfDescribingJson object at 0x00000235FFBCEF90>, <snowplow_tracker.self_describing_json.SelfDescribingJson object at 0x00000235FFDD6250>]}
[0m20:28:22.389273 [debug] [MainThread]: Flushing usage events
[0m20:28:24.527568 [debug] [MainThread]: An error was encountered while trying to flush usage events
